------------------------------------------------------------
TimeQuest Timing Analyzer Summary
------------------------------------------------------------

Type  : Slow 1100mV 85C Model Setup 'FD:f|F_5:fd|clock_0'
Slack : -15.289
TNS   : -12807.909

Type  : Slow 1100mV 85C Model Setup 'clock'
Slack : -8.837
TNS   : -5084.798

Type  : Slow 1100mV 85C Model Setup 'FD:f|F_10:f10|clock_0'
Slack : -4.037
TNS   : -491.423

Type  : Slow 1100mV 85C Model Setup 'FD:f|F_1:f1|clock_0'
Slack : -1.592
TNS   : -50.895

Type  : Slow 1100mV 85C Model Hold 'FD:f|F_5:fd|clock_0'
Slack : 0.279
TNS   : 0.000

Type  : Slow 1100mV 85C Model Hold 'clock'
Slack : 0.311
TNS   : 0.000

Type  : Slow 1100mV 85C Model Hold 'FD:f|F_10:f10|clock_0'
Slack : 0.375
TNS   : 0.000

Type  : Slow 1100mV 85C Model Hold 'FD:f|F_1:f1|clock_0'
Slack : 0.587
TNS   : 0.000

Type  : Slow 1100mV 85C Model Minimum Pulse Width 'FD:f|F_5:fd|clock_0'
Slack : -0.394
TNS   : -626.511

Type  : Slow 1100mV 85C Model Minimum Pulse Width 'clock'
Slack : -0.394
TNS   : -356.237

Type  : Slow 1100mV 85C Model Minimum Pulse Width 'FD:f|F_10:f10|clock_0'
Slack : -0.394
TNS   : -72.627

Type  : Slow 1100mV 85C Model Minimum Pulse Width 'FD:f|F_1:f1|clock_0'
Slack : -0.394
TNS   : -25.106

Type  : Slow 1100mV 0C Model Setup 'FD:f|F_5:fd|clock_0'
Slack : -16.146
TNS   : -12651.457

Type  : Slow 1100mV 0C Model Setup 'clock'
Slack : -8.481
TNS   : -4896.672

Type  : Slow 1100mV 0C Model Setup 'FD:f|F_10:f10|clock_0'
Slack : -3.881
TNS   : -478.986

Type  : Slow 1100mV 0C Model Setup 'FD:f|F_1:f1|clock_0'
Slack : -1.581
TNS   : -49.574

Type  : Slow 1100mV 0C Model Hold 'FD:f|F_5:fd|clock_0'
Slack : 0.337
TNS   : 0.000

Type  : Slow 1100mV 0C Model Hold 'clock'
Slack : 0.346
TNS   : 0.000

Type  : Slow 1100mV 0C Model Hold 'FD:f|F_10:f10|clock_0'
Slack : 0.419
TNS   : 0.000

Type  : Slow 1100mV 0C Model Hold 'FD:f|F_1:f1|clock_0'
Slack : 0.595
TNS   : 0.000

Type  : Slow 1100mV 0C Model Minimum Pulse Width 'FD:f|F_5:fd|clock_0'
Slack : -0.394
TNS   : -619.337

Type  : Slow 1100mV 0C Model Minimum Pulse Width 'clock'
Slack : -0.394
TNS   : -377.648

Type  : Slow 1100mV 0C Model Minimum Pulse Width 'FD:f|F_10:f10|clock_0'
Slack : -0.394
TNS   : -72.968

Type  : Slow 1100mV 0C Model Minimum Pulse Width 'FD:f|F_1:f1|clock_0'
Slack : -0.394
TNS   : -25.709

Type  : Fast 1100mV 85C Model Setup 'FD:f|F_5:fd|clock_0'
Slack : -8.329
TNS   : -7738.347

Type  : Fast 1100mV 85C Model Setup 'clock'
Slack : -5.306
TNS   : -3001.356

Type  : Fast 1100mV 85C Model Setup 'FD:f|F_10:f10|clock_0'
Slack : -2.107
TNS   : -252.159

Type  : Fast 1100mV 85C Model Setup 'FD:f|F_1:f1|clock_0'
Slack : -0.647
TNS   : -20.376

Type  : Fast 1100mV 85C Model Hold 'FD:f|F_5:fd|clock_0'
Slack : 0.047
TNS   : 0.000

Type  : Fast 1100mV 85C Model Hold 'FD:f|F_10:f10|clock_0'
Slack : 0.168
TNS   : 0.000

Type  : Fast 1100mV 85C Model Hold 'clock'
Slack : 0.198
TNS   : 0.000

Type  : Fast 1100mV 85C Model Hold 'FD:f|F_1:f1|clock_0'
Slack : 0.233
TNS   : 0.000

Type  : Fast 1100mV 85C Model Minimum Pulse Width 'FD:f|F_5:fd|clock_0'
Slack : -0.155
TNS   : -20.618

Type  : Fast 1100mV 85C Model Minimum Pulse Width 'clock'
Slack : -0.089
TNS   : -45.604

Type  : Fast 1100mV 85C Model Minimum Pulse Width 'FD:f|F_1:f1|clock_0'
Slack : -0.040
TNS   : -0.810

Type  : Fast 1100mV 85C Model Minimum Pulse Width 'FD:f|F_10:f10|clock_0'
Slack : -0.027
TNS   : -0.331

Type  : Fast 1100mV 0C Model Setup 'FD:f|F_5:fd|clock_0'
Slack : -8.378
TNS   : -6910.836

Type  : Fast 1100mV 0C Model Setup 'clock'
Slack : -4.592
TNS   : -2613.594

Type  : Fast 1100mV 0C Model Setup 'FD:f|F_10:f10|clock_0'
Slack : -1.844
TNS   : -221.408

Type  : Fast 1100mV 0C Model Setup 'FD:f|F_1:f1|clock_0'
Slack : -0.551
TNS   : -16.544

Type  : Fast 1100mV 0C Model Hold 'FD:f|F_5:fd|clock_0'
Slack : 0.090
TNS   : 0.000

Type  : Fast 1100mV 0C Model Hold 'FD:f|F_10:f10|clock_0'
Slack : 0.155
TNS   : 0.000

Type  : Fast 1100mV 0C Model Hold 'clock'
Slack : 0.189
TNS   : 0.000

Type  : Fast 1100mV 0C Model Hold 'FD:f|F_1:f1|clock_0'
Slack : 0.210
TNS   : 0.000

Type  : Fast 1100mV 0C Model Minimum Pulse Width 'clock'
Slack : -0.086
TNS   : -48.778

Type  : Fast 1100mV 0C Model Minimum Pulse Width 'FD:f|F_5:fd|clock_0'
Slack : -0.077
TNS   : -6.029

Type  : Fast 1100mV 0C Model Minimum Pulse Width 'FD:f|F_1:f1|clock_0'
Slack : -0.006
TNS   : -0.087

Type  : Fast 1100mV 0C Model Minimum Pulse Width 'FD:f|F_10:f10|clock_0'
Slack : 0.019
TNS   : 0.000

------------------------------------------------------------
