------------------------------------------------------------
TimeQuest Timing Analyzer Summary
------------------------------------------------------------

Type  : Slow 1100mV 85C Model Setup 'clock'
Slack : -3.112
TNS   : -86.404

Type  : Slow 1100mV 85C Model Setup 'F_d:f_d|clock_1'
Slack : -2.098
TNS   : -91.069

Type  : Slow 1100mV 85C Model Hold 'F_d:f_d|clock_1'
Slack : 0.293
TNS   : 0.000

Type  : Slow 1100mV 85C Model Hold 'clock'
Slack : 0.382
TNS   : 0.000

Type  : Slow 1100mV 85C Model Minimum Pulse Width 'F_d:f_d|clock_1'
Slack : -0.394
TNS   : -25.877

Type  : Slow 1100mV 85C Model Minimum Pulse Width 'clock'
Slack : -0.394
TNS   : -18.869

Type  : Slow 1100mV 0C Model Setup 'clock'
Slack : -3.183
TNS   : -82.581

Type  : Slow 1100mV 0C Model Setup 'F_d:f_d|clock_1'
Slack : -2.055
TNS   : -89.110

Type  : Slow 1100mV 0C Model Hold 'F_d:f_d|clock_1'
Slack : 0.292
TNS   : 0.000

Type  : Slow 1100mV 0C Model Hold 'clock'
Slack : 0.384
TNS   : 0.000

Type  : Slow 1100mV 0C Model Minimum Pulse Width 'F_d:f_d|clock_1'
Slack : -0.394
TNS   : -25.338

Type  : Slow 1100mV 0C Model Minimum Pulse Width 'clock'
Slack : -0.394
TNS   : -20.288

Type  : Fast 1100mV 85C Model Setup 'clock'
Slack : -1.482
TNS   : -36.486

Type  : Fast 1100mV 85C Model Setup 'F_d:f_d|clock_1'
Slack : -0.941
TNS   : -40.443

Type  : Fast 1100mV 85C Model Hold 'F_d:f_d|clock_1'
Slack : 0.099
TNS   : 0.000

Type  : Fast 1100mV 85C Model Hold 'clock'
Slack : 0.202
TNS   : 0.000

Type  : Fast 1100mV 85C Model Minimum Pulse Width 'clock'
Slack : -0.345
TNS   : -3.468

Type  : Fast 1100mV 85C Model Minimum Pulse Width 'F_d:f_d|clock_1'
Slack : 0.075
TNS   : 0.000

Type  : Fast 1100mV 0C Model Setup 'clock'
Slack : -1.372
TNS   : -30.939

Type  : Fast 1100mV 0C Model Setup 'F_d:f_d|clock_1'
Slack : -0.818
TNS   : -34.958

Type  : Fast 1100mV 0C Model Hold 'F_d:f_d|clock_1'
Slack : 0.084
TNS   : 0.000

Type  : Fast 1100mV 0C Model Hold 'clock'
Slack : 0.191
TNS   : 0.000

Type  : Fast 1100mV 0C Model Minimum Pulse Width 'clock'
Slack : -0.349
TNS   : -3.478

Type  : Fast 1100mV 0C Model Minimum Pulse Width 'F_d:f_d|clock_1'
Slack : 0.098
TNS   : 0.000

------------------------------------------------------------
